node.exe : D:\Projects\teledrive\app\node_modules\typescript\lib\_t
sc.js:123168
At line:1 char:1
+ & "C:\Program Files\nodejs/node.exe" "C:\Program 
Files\nodejs/node_mo ...
+ ~~~~~~~~~~~~~~~~~~~~~~~~~~~~~~~~~~~~~~~~~~~~~~~~~~~~~~~~~~~~~~~~~
~~~~
    + CategoryInfo          : NotSpecified: (D:\Projects\tel...\_t 
   sc.js:123168:String) [], RemoteException
    + FullyQualifiedErrorId : NativeCommandError
 
      throw e;
      ^

RangeError: Maximum call stack size exceeded
    at hasSyntacticModifier (D:\Projects\teledrive\app\node_modules
\typescript\lib\_tsc.js:16870:30)
    at getIsDeferredContext (D:\Projects\teledrive\app\node_modules
\typescript\lib\_tsc.js:19800:35)
    at resolveNameHelper (D:\Projects\teledrive\app\node_modules\ty
pescript\lib\_tsc.js:19523:58)
    at getResolvedSymbol (D:\Projects\teledrive\app\node_modules\ty
pescript\lib\_tsc.js:69265:54)
    at checkIdentifier (D:\Projects\teledrive\app\node_modules\type
script\lib\_tsc.js:72001:20)
    at checkExpressionWorker (D:\Projects\teledrive\app\node_module
s\typescript\lib\_tsc.js:80903:16)
    at checkExpression (D:\Projects\teledrive\app\node_modules\type
script\lib\_tsc.js:80846:32)
    at checkNonNullExpression (D:\Projects\teledrive\app\node_modul
es\typescript\lib\_tsc.js:74853:29)
    at checkPropertyAccessExpression (D:\Projects\teledrive\app\nod
e_modules\typescript\lib\_tsc.js:74932:162)
    at checkExpressionWorker (D:\Projects\teledrive\app\node_module
s\typescript\lib\_tsc.js:80937:16)

Node.js v24.12.0
